yarn run v1.22.22
warning package.json: No license field
$ /home/atrahasis/development/test-e-commerce/node_modules/.bin/vitest run

[1m[30m[46m RUN [49m[39m[22m [36mv4.1.5 [39m[90m/home/atrahasis/development/test-e-commerce[39m

 [31m❯[39m src/tests/services/products.test.ts [2m([22m[2m2 tests[22m[2m | [22m[31m1 failed[39m[2m)[22m[32m 19[2mms[22m[39m
     [32m✓[39m getFeaturedProducts returns data[32m 7[2mms[22m[39m
[31m     [31m×[31m searchProducts applies filters[39m[32m 7[2mms[22m[39m
 [32m✓[39m src/tests/format.test.ts [2m([22m[2m3 tests[22m[2m)[22m[32m 28[2mms[22m[39m
 [32m✓[39m src/tests/ProductCard.test.tsx [2m([22m[2m4 tests[22m[2m)[22m[32m 210[2mms[22m[39m

[31m⎯⎯⎯⎯⎯⎯⎯[39m[1m[41m Failed Tests 1 [49m[22m[31m⎯⎯⎯⎯⎯⎯⎯[39m

[41m[1m FAIL [22m[49m src/tests/services/products.test.ts[2m > [22mProductService[2m > [22msearchProducts applies filters
[31m[1mTypeError[22m: query.eq is not a function[39m
[36m [2m❯[22m Object.searchProducts src/services/products.service.ts:[2m19:27[22m[39m
    [90m 17|[39m
    [90m 18|[39m         [35mif[39m (categoryId) {
    [90m 19|[39m             query [33m=[39m query[33m.[39m[34meq[39m([32m'category_id'[39m[33m,[39m categoryId)[33m;[39m
    [90m   |[39m                           [31m^[39m
    [90m 20|[39m         }
    [90m 21|[39m
[90m [2m❯[22m src/tests/services/products.test.ts:[2m33:30[22m[39m

[31m[2m⎯⎯⎯⎯⎯⎯⎯⎯⎯⎯⎯⎯⎯⎯⎯⎯⎯⎯⎯⎯⎯⎯⎯⎯[1/1]⎯[22m[39m


[2m Test Files [22m [1m[31m1 failed[39m[22m[2m | [22m[1m[32m2 passed[39m[22m[90m (3)[39m
[2m      Tests [22m [1m[31m1 failed[39m[22m[2m | [22m[1m[32m8 passed[39m[22m[90m (9)[39m
[2m   Start at [22m 21:46:53
[2m   Duration [22m 1.93s[2m (transform 162ms, setup 0ms, import 374ms, tests 256ms, environment 3.58s)[22m

error Command failed with exit code 1.
info Visit https://yarnpkg.com/en/docs/cli/run for documentation about this command.
